[    0.000000] Initializing cgroup subsys cpuset
[    0.000000] Initializing cgroup subsys cpu
[    0.000000] Initializing cgroup subsys cpuacct
[    0.000000] Linux version 4.4.0-184-generic (buildd@lgw01-amd64-060) (gcc version 5.4.0 20160609 (Ubuntu 5.4.0-6ubuntu1~16.04.12) ) #214-Ubuntu SMP Thu Jun 4 10:14:11 UTC 2020 (Ubuntu 4.4.0-184.214-generic 4.4.223)
[    0.000000] Command line: BOOT_IMAGE=/boot/vmlinuz-4.4.0-184-generic root=LABEL=cloudimg-rootfs ro console=tty1 console=ttyS0
[    0.000000] KERNEL supported cpus:
[    0.000000]   Intel GenuineIntel
[    0.000000]   AMD AuthenticAMD
[    0.000000]   Centaur CentaurHauls
[    0.000000] x86/fpu: xstate_offset[2]:  576, xstate_sizes[2]:  256
[    0.000000] x86/fpu: Supporting XSAVE feature 0x01: 'x87 floating point registers'
[    0.000000] x86/fpu: Supporting XSAVE feature 0x02: 'SSE registers'
[    0.000000] x86/fpu: Supporting XSAVE feature 0x04: 'AVX registers'
[    0.000000] x86/fpu: Enabled xstate features 0x7, context size is 832 bytes, using 'standard' format.
[    0.000000] e820: BIOS-provided physical RAM map:
[    0.000000] BIOS-e820: [mem 0x0000000000000000-0x000000000009fbff] usable
[    0.000000] BIOS-e820: [mem 0x000000000009fc00-0x000000000009ffff] reserved
[    0.000000] BIOS-e820: [mem 0x00000000000f0000-0x00000000000fffff] reserved
[    0.000000] BIOS-e820: [mem 0x0000000000100000-0x000000003ffeffff] usable
[    0.000000] BIOS-e820: [mem 0x000000003fff0000-0x000000003fffffff] ACPI data
[    0.000000] BIOS-e820: [mem 0x00000000fec00000-0x00000000fec00fff] reserved
[    0.000000] BIOS-e820: [mem 0x00000000fee00000-0x00000000fee00fff] reserved
[    0.000000] BIOS-e820: [mem 0x00000000fffc0000-0x00000000ffffffff] reserved
[    0.000000] NX (Execute Disable) protection: active
[    0.000000] SMBIOS 2.5 present.
[    0.000000] Hypervisor detected: KVM
[    0.000000] e820: last_pfn = 0x3fff0 max_arch_pfn = 0x400000000
[    0.000000] MTRR: Disabled
[    0.000000] x86/PAT: MTRRs disabled, skipping PAT initialization too.
[    0.000000] CPU MTRRs all blank - virtualized system.
[    0.000000] x86/PAT: Configuration [0-7]: WB  WT  UC- UC  WB  WT  UC- UC  
[    0.000000] found SMP MP-table at [mem 0x0009fff0-0x0009ffff] mapped at [ffff88000009fff0]
[    0.000000] Scanning 1 areas for low memory corruption
[    0.000000] RAMDISK: [mem 0x362de000-0x37166fff]
[    0.000000] ACPI: Early table checksum verification disabled
[    0.000000] ACPI: RSDP 0x00000000000E0000 000024 (v02 VBOX  )
[    0.000000] ACPI: XSDT 0x000000003FFF0030 00003C (v01 VBOX   VBOXXSDT 00000001 ASL  00000061)
[    0.000000] ACPI: FACP 0x000000003FFF00F0 0000F4 (v04 VBOX   VBOXFACP 00000001 ASL  00000061)
[    0.000000] ACPI: DSDT 0x000000003FFF0470 002325 (v02 VBOX   VBOXBIOS 00000002 INTL 20100528)
[    0.000000] ACPI: FACS 0x000000003FFF0200 000040
[    0.000000] ACPI: FACS 0x000000003FFF0200 000040
[    0.000000] ACPI: APIC 0x000000003FFF0240 00005C (v02 VBOX   VBOXAPIC 00000001 ASL  00000061)
[    0.000000] ACPI: SSDT 0x000000003FFF02A0 0001CC (v01 VBOX   VBOXCPUT 00000002 INTL 20100528)
[    0.000000] No NUMA configuration found
[    0.000000] Faking a node at [mem 0x0000000000000000-0x000000003ffeffff]
[    0.000000] NODE_DATA(0) allocated [mem 0x3ffeb000-0x3ffeffff]
[    0.000000] kvm-clock: Using msrs 4b564d01 and 4b564d00
[    0.000000] kvm-clock: cpu 0, msr 0:3ffe3001, primary cpu clock
[    0.000000] kvm-clock: using sched offset of 8246126376 cycles
[    0.000000] clocksource: kvm-clock: mask: 0xffffffffffffffff max_cycles: 0x1cd42e4dffb, max_idle_ns: 881590591483 ns
[    0.000000] Zone ranges:
[    0.000000]   DMA      [mem 0x0000000000001000-0x0000000000ffffff]
[    0.000000]   DMA32    [mem 0x0000000001000000-0x000000003ffeffff]
[    0.000000]   Normal   empty
[    0.000000]   Device   empty
[    0.000000] Movable zone start for each node
[    0.000000] Early memory node ranges
[    0.000000]   node   0: [mem 0x0000000000001000-0x000000000009efff]
[    0.000000]   node   0: [mem 0x0000000000100000-0x000000003ffeffff]
[    0.000000] Initmem setup node 0 [mem 0x0000000000001000-0x000000003ffeffff]
[    0.000000] ACPI: PM-Timer IO Port: 0x4008
[    0.000000] IOAPIC[0]: apic_id 2, version 32, address 0xfec00000, GSI 0-23
[    0.000000] ACPI: INT_SRC_OVR (bus 0 bus_irq 0 global_irq 2 dfl dfl)
[    0.000000] ACPI: INT_SRC_OVR (bus 0 bus_irq 9 global_irq 9 low level)
[    0.000000] Using ACPI (MADT) for SMP configuration information
[    0.000000] smpboot: Allowing 2 CPUs, 0 hotplug CPUs
[    0.000000] PM: Registered nosave memory: [mem 0x00000000-0x00000fff]
[    0.000000] PM: Registered nosave memory: [mem 0x0009f000-0x0009ffff]
[    0.000000] PM: Registered nosave memory: [mem 0x000a0000-0x000effff]
[    0.000000] PM: Registered nosave memory: [mem 0x000f0000-0x000fffff]
[    0.000000] e820: [mem 0x40000000-0xfebfffff] available for PCI devices
[    0.000000] Booting paravirtualized kernel on KVM
[    0.000000] clocksource: refined-jiffies: mask: 0xffffffff max_cycles: 0xffffffff, max_idle_ns: 7645519600211568 ns
[    0.000000] setup_percpu: NR_CPUS:512 nr_cpumask_bits:512 nr_cpu_ids:2 nr_node_ids:1
[    0.000000] PERCPU: Embedded 33 pages/cpu @ffff88003fc00000 s95448 r8192 d31528 u1048576
[    0.000000] Built 1 zonelists in Node order, mobility grouping on.  Total pages: 257912
[    0.000000] Policy zone: DMA32
[    0.000000] Kernel command line: BOOT_IMAGE=/boot/vmlinuz-4.4.0-184-generic root=LABEL=cloudimg-rootfs ro console=tty1 console=ttyS0
[    0.000000] PID hash table entries: 4096 (order: 3, 32768 bytes)
[    0.000000] Memory: 997664K/1048120K available (8632K kernel code, 1336K rwdata, 4036K rodata, 1492K init, 1292K bss, 50456K reserved, 0K cma-reserved)
[    0.000000] SLUB: HWalign=64, Order=0-3, MinObjects=0, CPUs=2, Nodes=1
[    0.000000] Kernel/User page tables isolation: enabled
[    0.000000] Hierarchical RCU implementation.
[    0.000000] 	Build-time adjustment of leaf fanout to 64.
[    0.000000] 	RCU restricting CPUs from NR_CPUS=512 to nr_cpu_ids=2.
[    0.000000] RCU: Adjusting geometry for rcu_fanout_leaf=64, nr_cpu_ids=2
[    0.000000] NR_IRQS:33024 nr_irqs:440 16
[    0.000000] Console: colour VGA+ 80x25
[    0.000000] console [tty1] enabled
[    0.000000] console [ttyS0] enabled
[    0.000000] tsc: Detected 2711.996 MHz processor
[    1.303255] Calibrating delay loop (skipped) preset value.. 5423.99 BogoMIPS (lpj=10847984)
[    1.313065] pid_max: default: 32768 minimum: 301
[    1.319036] ACPI: Core revision 20150930
[    1.341123] ACPI: 2 ACPI AML tables successfully acquired and loaded
[    1.353198] Security Framework initialized
[    1.363780] Yama: becoming mindful.
[    1.370735] AppArmor: AppArmor initialized
[    1.382259] Dentry cache hash table entries: 131072 (order: 8, 1048576 bytes)
[    1.406020] Inode-cache hash table entries: 65536 (order: 7, 524288 bytes)
[    1.416777] Mount-cache hash table entries: 2048 (order: 2, 16384 bytes)
[    1.425765] Mountpoint-cache hash table entries: 2048 (order: 2, 16384 bytes)
[    1.435997] Initializing cgroup subsys io
[    1.441813] Initializing cgroup subsys memory
[    1.449015] Initializing cgroup subsys devices
[    1.454019] Initializing cgroup subsys freezer
[    1.460114] Initializing cgroup subsys net_cls
[    1.467955] Initializing cgroup subsys perf_event
[    1.474820] Initializing cgroup subsys net_prio
[    1.481413] Initializing cgroup subsys hugetlb
[    1.488093] Initializing cgroup subsys pids
[    1.497675] mce: CPU supports 0 MCE banks
[    1.504197] Last level iTLB entries: 4KB 64, 2MB 8, 4MB 8
[    1.511380] Last level dTLB entries: 4KB 64, 2MB 0, 4MB 0, 1GB 4
[    1.518981] Spectre V1 : Mitigation: usercopy/swapgs barriers and __user pointer sanitization
[    1.537394] Spectre V2 : Mitigation: Full generic retpoline
[    1.558904] Spectre V2 : Spectre v2 / SpectreRSB mitigation: Filling RSB on context switch
[    1.575568] Speculative Store Bypass: Vulnerable
[    1.589782] SRBDS: Unknown: Dependent on hypervisor status
[    1.598642] MDS: Mitigation: Clear CPU buffers
[    1.646887] Freeing SMP alternatives memory: 36K
[    1.716299] ftrace: allocating 32319 entries in 127 pages
[    2.208830] smpboot: APIC(0) Converting physical 0 to logical package 0
[    2.231876] smpboot: Max logical packages: 1
[    2.248194] x2apic enabled
[    2.256863] Switched APIC routing to physical x2apic.
[    2.294056] ..TIMER: vector=0x30 apic1=0 pin1=2 apic2=-1 pin2=-1
[    2.418318] smpboot: CPU0: Intel(R) Core(TM) i7-6820HQ CPU @ 2.70GHz (family: 0x6, model: 0x5e, stepping: 0x3)
[    2.455708] Performance Events: unsupported p6 CPU model 94 no PMU driver, software events only.
[    2.577134] KVM setup paravirtual spinlock
[    2.596428] x86: Booting SMP configuration:
[    2.606879] .... node  #0, CPUs:      #1
[    2.613251] kvm-clock: cpu 1, msr 0:3ffe3041, secondary cpu clock
[    2.623576] mce: CPU supports 0 MCE banks
[    2.630859] x86: Booted up 1 node, 2 CPUs
[    2.642717] smpboot: Total of 2 processors activated (10847.98 BogoMIPS)
[    2.657575] devtmpfs: initialized
[    2.688192] evm: security.selinux
[    2.695505] evm: security.SMACK64
[    2.702263] evm: security.SMACK64EXEC
[    2.709538] evm: security.SMACK64TRANSMUTE
[    2.728936] evm: security.SMACK64MMAP
[    2.737145] evm: security.ima
[    2.743013] evm: security.capability
[    2.756111] clocksource: jiffies: mask: 0xffffffff max_cycles: 0xffffffff, max_idle_ns: 7645041785100000 ns
[    2.773314] futex hash table entries: 512 (order: 3, 32768 bytes)
[    2.784882] pinctrl core: initialized pinctrl subsystem
[    2.797025] RTC time: 15:34:56, date: 06/26/20
[    2.810043] NET: Registered protocol family 16
[    2.837054] cpuidle: using governor ladder
[    2.859101] cpuidle: using governor menu
[    2.866817] PCCT header not found.
[    2.892742] ACPI: bus type PCI registered
[    2.917505] acpiphp: ACPI Hot Plug PCI Controller Driver version: 0.5
[    2.928837] PCI: Using configuration type 1 for base access
[    2.965893] ACPI: Added _OSI(Module Device)
[    2.972284] ACPI: Added _OSI(Processor Device)
[    2.980086] ACPI: Added _OSI(3.0 _SCP Extensions)
[    2.992606] ACPI: Added _OSI(Processor Aggregator Device)
[    3.010153] ACPI: Executed 1 blocks of module-level executable AML code
[    3.034699] ACPI: Interpreter enabled
[    3.041215] ACPI: (supports S0 S5)
[    3.047457] ACPI: Using IOAPIC for interrupt routing
[    3.054892] PCI: Using host bridge windows from ACPI; if necessary, use "pci=nocrs" and report a bug
[    3.109665] ACPI: PCI Root Bridge [PCI0] (domain 0000 [bus 00-ff])
[    3.117955] acpi PNP0A03:00: _OSC: OS supports [ASPM ClockPM Segments MSI]
[    3.132143] acpi PNP0A03:00: _OSC: not requesting OS control; OS requires [ExtendedConfig ASPM ClockPM MSI]
[    3.146151] acpi PNP0A03:00: fail to add MMCONFIG information, can't access extended PCI configuration space under this bridge.
[    3.163409] PCI host bridge to bus 0000:00
[    3.168799] pci_bus 0000:00: root bus resource [io  0x0000-0x0cf7 window]
[    3.177366] pci_bus 0000:00: root bus resource [io  0x0d00-0xffff window]
[    3.186426] pci_bus 0000:00: root bus resource [mem 0x000a0000-0x000bffff window]
[    3.199271] pci_bus 0000:00: root bus resource [mem 0x40000000-0xfdffffff window]
[    3.221375] pci_bus 0000:00: root bus resource [bus 00-ff]
[    3.243313] pci 0000:00:01.1: legacy IDE quirk: reg 0x10: [io  0x01f0-0x01f7]
[    3.255327] pci 0000:00:01.1: legacy IDE quirk: reg 0x14: [io  0x03f6]
[    3.268419] pci 0000:00:01.1: legacy IDE quirk: reg 0x18: [io  0x0170-0x0177]
[    3.386760] pci 0000:00:01.1: legacy IDE quirk: reg 0x1c: [io  0x0376]
[    3.474487] pci 0000:00:07.0: quirk: [io  0x4000-0x403f] claimed by PIIX4 ACPI
[    3.487197] pci 0000:00:07.0: quirk: [io  0x4100-0x410f] claimed by PIIX4 SMB
[    3.550703] ACPI: PCI Interrupt Link [LNKA] (IRQs 5 9 10 *11)
[    3.580449] ACPI: PCI Interrupt Link [LNKB] (IRQs 5 9 *10 11)
[    3.596799] ACPI: PCI Interrupt Link [LNKC] (IRQs 5 *9 10 11)
[    3.618213] ACPI: PCI Interrupt Link [LNKD] (IRQs 5 9 10 *11)
[    3.636073] ACPI: Enabled 2 GPEs in block 00 to 07
[    3.647299] vgaarb: setting as boot device: PCI:0000:00:02.0
[    3.655238] vgaarb: device added: PCI:0000:00:02.0,decodes=io+mem,owns=io+mem,locks=none
[    3.673017] vgaarb: loaded
[    3.683285] vgaarb: bridge control possible 0000:00:02.0
[    3.701736] SCSI subsystem initialized
[    3.712965] ACPI: bus type USB registered
[    3.722217] usbcore: registered new interface driver usbfs
[    3.744392] usbcore: registered new interface driver hub
[    3.755164] usbcore: registered new device driver usb
[    3.782877] PCI: Using ACPI for IRQ routing
[    3.815667] NetLabel: Initializing
[    3.820702] NetLabel:  domain hash size = 128
[    3.828415] NetLabel:  protocols = UNLABELED CIPSOv4
[    3.842401] NetLabel:  unlabeled traffic allowed by default
[    3.883707] amd_nb: Cannot enumerate AMD northbridges
[    3.894259] clocksource: Switched to clocksource kvm-clock
[    3.986286] AppArmor: AppArmor Filesystem Enabled
[    3.993672] pnp: PnP ACPI init
[    4.008100] pnp: PnP ACPI: found 3 devices
[    4.053792] clocksource: acpi_pm: mask: 0xffffff max_cycles: 0xffffff, max_idle_ns: 2085701024 ns
[    4.068342] NET: Registered protocol family 2
[    4.084897] TCP established hash table entries: 8192 (order: 4, 65536 bytes)
[    4.095418] TCP bind hash table entries: 8192 (order: 5, 131072 bytes)
[    4.106435] TCP: Hash tables configured (established 8192 bind 8192)
[    4.115071] UDP hash table entries: 512 (order: 2, 16384 bytes)
[    4.122992] UDP-Lite hash table entries: 512 (order: 2, 16384 bytes)
[    4.133750] NET: Registered protocol family 1
[    4.142042] pci 0000:00:00.0: Limiting direct PCI/PCI transfers
[    4.151472] pci 0000:00:01.0: Activating ISA DMA hang workarounds
[    4.161417] Unpacking initramfs...
[    5.922085] Freeing initrd memory: 14884K
[    5.928352] clocksource: tsc: mask: 0xffffffffffffffff max_cycles: 0x271782d3887, max_idle_ns: 440795314643 ns
[    5.943654] platform rtc_cmos: registered platform RTC device (no PNP device found)
[    5.954918] Scanning for low memory corruption every 60 seconds
[    5.969553] audit: initializing netlink subsys (disabled)
[    5.980213] audit: type=2000 audit(1593185706.937:1): initialized
[    5.998215] Initialise system trusted keyring
[    6.007658] HugeTLB registered 2 MB page size, pre-allocated 0 pages
[    6.025982] zbud: loaded
[    6.034108] VFS: Disk quotas dquot_6.6.0
[    6.041188] VFS: Dquot-cache hash table entries: 512 (order 0, 4096 bytes)
[    6.051454] squashfs: version 4.0 (2009/01/31) Phillip Lougher
[    6.063978] fuse init (API version 7.23)
[    6.073169] Key type big_key registered
[    6.079565] Allocating IMA MOK and blacklist keyrings.
[    6.095187] Key type asymmetric registered
[    6.104060] Asymmetric key parser 'x509' registered
[    6.113041] Block layer SCSI generic (bsg) driver version 0.4 loaded (major 249)
[    6.126632] io scheduler noop registered
[    6.135982] io scheduler deadline registered (default)
[    6.143220] io scheduler cfq registered
[    6.150514] pci_hotplug: PCI Hot Plug PCI Core version: 0.5
[    6.157973] pciehp: PCI Express Hot Plug Controller Driver version: 0.4
[    6.168050] ACPI: AC Adapter [AC] (on-line)
[    6.176068] input: Power Button as /devices/LNXSYSTM:00/LNXPWRBN:00/input/input0
[    6.191162] ACPI: Power Button [PWRF]
[    6.209861] input: Sleep Button as /devices/LNXSYSTM:00/LNXSLPBN:00/input/input1
[    6.226247] ACPI: Sleep Button [SLPF]
[    6.234719] GHES: HEST is not enabled!
[    6.237882] ACPI: Battery Slot [BAT0] (battery present)
[    6.251571] Serial: 8250/16550 driver, 32 ports, IRQ sharing enabled
[    6.284416] 00:02: ttyS0 at I/O 0x3f8 (irq = 4, base_baud = 115200) is a 16550A
[    6.312328] Linux agpgart interface v0.103
[    6.331436] loop: module loaded
[    6.341225] scsi host0: ata_piix
[    6.346469] scsi host1: ata_piix
[    6.353228] ata1: PATA max UDMA/33 cmd 0x1f0 ctl 0x3f6 bmdma 0xd000 irq 14
[    6.362118] ata2: PATA max UDMA/33 cmd 0x170 ctl 0x376 bmdma 0xd008 irq 15
[    6.372046] libphy: Fixed MDIO Bus: probed
[    6.376855] tun: Universal TUN/TAP device driver, 1.6
[    6.383273] tun: (C) 1999-2004 Max Krasnyansky <maxk@qualcomm.com>
[    6.392696] PPP generic driver version 2.4.2
[    6.399770] ehci_hcd: USB 2.0 'Enhanced' Host Controller (EHCI) Driver
[    6.409578] ehci-pci: EHCI PCI platform driver
[    6.417861] ehci-platform: EHCI generic platform driver
[    6.425056] ohci_hcd: USB 1.1 'Open' Host Controller (OHCI) Driver
[    6.437418] ohci-pci: OHCI PCI platform driver
[    6.449622] ohci-platform: OHCI generic platform driver
[    6.464580] uhci_hcd: USB Universal Host Controller Interface driver
[    6.477478] i8042: PNP: PS/2 Controller [PNP0303:PS2K,PNP0f03:PS2M] at 0x60,0x64 irq 1,12
[    6.491126] serio: i8042 KBD port at 0x60,0x64 irq 1
[    6.502401] serio: i8042 AUX port at 0x60,0x64 irq 12
[    6.517155] mousedev: PS/2 mouse device common for all mice
[    6.604021] input: AT Translated Set 2 keyboard as /devices/platform/i8042/serio0/input/input2
[    6.626886] rtc_cmos rtc_cmos: rtc core: registered rtc_cmos as rtc0
[    6.639687] rtc_cmos rtc_cmos: alarms up to one day, 114 bytes nvram
[    6.649627] i2c /dev entries driver
[    6.656076] device-mapper: uevent: version 1.0.3
[    6.668000] device-mapper: ioctl: 4.34.0-ioctl (2015-10-28) initialised: dm-devel@redhat.com
[    6.681684] ledtrig-cpu: registered to indicate activity on CPUs
[    6.697770] NET: Registered protocol family 10
[    6.706428] NET: Registered protocol family 17
[    6.713220] Key type dns_resolver registered
[    6.722707] registered taskstats version 1
[    6.730266] Loading compiled-in X.509 certificates
[    6.748856] Loaded X.509 cert 'Build time autogenerated kernel key: b6ae09eed57f82583ccd3c65c463e852cdd7a0b5'
[    6.774681] zswap: loaded using pool lzo/zbud
[    6.792998] Key type trusted registered
[    6.823689] Key type encrypted registered
[    6.832388] AppArmor: AppArmor sha1 policy hashing enabled
[    6.845170] ima: No TPM chip found, activating TPM-bypass!
[    6.855435] ima: Allocated hash algorithm: sha1
[    6.861911] evm: HMAC attrs: 0x1
[    6.876219]   Magic number: 8:574:589
[    6.882851] rtc_cmos rtc_cmos: setting system clock to 2020-06-26 15:35:00 UTC (1593185700)
[    6.895784] BIOS EDD facility v0.16 2004-Jun-25, 0 devices found
[    6.904282] EDD information not available.
[    6.914879] Freeing unused kernel memory: 1492K
[    6.934364] Write protecting the kernel read-only data: 14336k
[    6.946570] Freeing unused kernel memory: 1596K
[    6.955092] Freeing unused kernel memory: 60K
Loading, please wait...
starting version 229
[    7.061624] random: systemd-udevd: uninitialized urandom read (16 bytes read, 7 bits of entropy available)
[    7.065628] random: udevadm: uninitialized urandom read (16 bytes read, 7 bits of entropy available)
[    7.065738] random: udevadm: uninitialized urandom read (16 bytes read, 7 bits of entropy available)
[    7.110914] random: systemd-udevd: uninitialized urandom read (16 bytes read, 7 bits of entropy available)
[    7.126344] random: systemd-udevd: uninitialized urandom read (16 bytes read, 7 bits of entropy available)
[    7.127607] random: udevadm: uninitialized urandom read (16 bytes read, 7 bits of entropy available)
[    7.127821] random: udevadm: uninitialized urandom read (16 bytes read, 7 bits of entropy available)
[    7.128715] random: udevadm: uninitialized urandom read (16 bytes read, 7 bits of entropy available)
[    7.129104] random: udevadm: uninitialized urandom read (16 bytes read, 7 bits of entropy available)
[    7.129413] random: udevadm: uninitialized urandom read (16 bytes read, 7 bits of entropy available)
[    7.498592] e1000: Intel(R) PRO/1000 Network Driver - version 7.3.21-k8-NAPI
[    7.511256] e1000: Copyright (c) 1999-2006 Intel Corporation.
[    7.536074] Fusion MPT base driver 3.04.20
[    7.543096] Copyright (c) 1999-2008 LSI Corporation
[    7.621778] Fusion MPT SPI Host driver 3.04.20
[    7.771542] input: ImExPS/2 Generic Explorer Mouse as /devices/platform/i8042/serio1/input/input4
[    7.845890] AVX2 version of gcm_enc/dec engaged.
[    7.862558] AES CTR mode by8 optimization enabled
[    9.861743] e1000 0000:00:03.0 eth0: (PCI:33MHz:32-bit) 02:89:fa:04:16:8f
[    9.881526] e1000 0000:00:03.0 eth0: Intel(R) PRO/1000 Network Connection
[    9.899116] mptbase: ioc0: Initiating bringup
[   10.515413] ioc0: LSI53C1030 A0: Capabilities={Initiator}
[   12.212261] scsi host2: ioc0: LSI53C1030 A0, FwRev=00000000h, Ports=1, MaxQ=256, IRQ=20
[   13.348630] scsi 2:0:0:0: Direct-Access     VBOX     HARDDISK         1.0  PQ: 0 ANSI: 5
[   13.362571] scsi target2:0:0: Beginning Domain Validation
[   13.378445] scsi target2:0:0: Domain Validation skipping write tests
[   13.386302] scsi target2:0:0: Ending Domain Validation
[   13.393895] scsi target2:0:0: asynchronous
[   13.408654] scsi 2:0:1:0: Direct-Access     VBOX     HARDDISK         1.0  PQ: 0 ANSI: 5
[   13.424370] scsi target2:0:1: Beginning Domain Validation
[   13.443960] scsi target2:0:1: Domain Validation skipping write tests
[   13.452896] scsi target2:0:1: Ending Domain Validation
[   13.465134] scsi target2:0:1: asynchronous
[   13.638265] sd 2:0:0:0: Attached scsi generic sg0 type 0
[   13.647175] sd 2:0:0:0: [sda] 20971520 512-byte logical blocks: (10.7 GB/10.0 GiB)
[   13.663399] sd 2:0:1:0: Attached scsi generic sg1 type 0
[   13.670114] sd 2:0:1:0: [sdb] 20480 512-byte logical blocks: (10.5 MB/10.0 MiB)
[   13.683963] sd 2:0:1:0: [sdb] Write Protect is off
[   13.701891] sd 2:0:1:0: [sdb] Incomplete mode parameter data
[   13.701901] sd 2:0:1:0: [sdb] Assuming drive cache: write through
[   13.734060] sd 2:0:0:0: [sda] Write Protect is off
[   13.742296] sd 2:0:0:0: [sda] Incomplete mode parameter data
[   13.751026] sd 2:0:0:0: [sda] Assuming drive cache: write through
[   13.768975] sd 2:0:1:0: [sdb] Attached SCSI disk
[   13.781711]  sda: sda1
[   13.796805] sd 2:0:0:0: [sda] Attached SCSI disk
[   14.783584] e1000 0000:00:08.0 eth1: (PCI:33MHz:32-bit) 08:00:27:65:0d:54
[   14.793826] e1000 0000:00:08.0 eth1: Intel(R) PRO/1000 Network Connection
[   14.812746] e1000 0000:00:03.0 enp0s3: renamed from eth0
[   14.837358] e1000 0000:00:08.0 enp0s8: renamed from eth1
Begin: Loading essential drivers ... [   19.291684] md: linear personality registered for level -1
[   19.315521] md: multipath personality registered for level -4
[   19.338968] md: raid0 personality registered for level 0
[   19.363063] md: raid1 personality registered for level 1
[   19.458704] raid6: sse2x1   gen()  1689 MB/s
[   19.534808] raid6: sse2x1   xor()  1252 MB/s
[   19.610999] raid6: sse2x2   gen()  1748 MB/s
[   19.686644] raid6: sse2x2   xor()  1239 MB/s
[   19.759069] raid6: sse2x4   gen()  1592 MB/s
[   19.835155] raid6: sse2x4   xor()  1090 MB/s
[   19.922988] raid6: avx2x1   gen()  1810 MB/s
[   19.994287] raid6: avx2x2   gen()  3976 MB/s
[   20.066982] raid6: avx2x4   gen()  4423 MB/s
[   20.073862] raid6: using algorithm avx2x4 gen() 4423 MB/s
[   20.082291] raid6: using avx2x2 recovery algorithm
[   20.097361] xor: automatically using best checksumming function:
[   20.146276]    avx       :  5458.000 MB/sec
[   20.160293] async_tx: api initialized (async)
[   20.249430] md: raid6 personality registered for level 6
[   20.258987] md: raid5 personality registered for level 5
[   20.269483] md: raid4 personality registered for level 4
[   20.323089] md: raid10 personality registered for level 10
done.
Begin: Running /scripts/init-premount ... done.
Begin: Mounting root file system ... Begin: Running /scripts/local-top ... done.
Begin: Running /scripts/local-premount ... [   20.546353] Btrfs loaded
Scanning for Btrfs filesystems
done.
Warning: fsck not present, so skipping root file system
[   20.729090] EXT4-fs (sda1): mounted filesystem with ordered data mode. Opts: (null)
done.
Begin: Running /scripts/local-bottom ... done.
Begin: Running /scripts/init-bottom ... done.
[   21.359500] systemd[1]: systemd 229 running in system mode. (+PAM +AUDIT +SELINUX +IMA +APPARMOR +SMACK +SYSVINIT +UTMP +LIBCRYPTSETUP +GCRYPT +GNUTLS +ACL +XZ -LZ4 +SECCOMP +BLKID +ELFUTILS +KMOD -IDN)
[   21.391263] systemd[1]: Detected virtualization oracle.
[   21.400444] systemd[1]: Detected architecture x86-64.

Welcome to [1mUbuntu 16.04.6 LTS[0m!

[   21.427605] systemd[1]: Set hostname to <ubuntu>.
[   21.446061] systemd[1]: Initializing machine ID from random generator.
[   21.456073] systemd[1]: Installed transient /etc/machine-id file.
[   21.516239] random: nonblocking pool is initialized
[   22.206687] systemd[1]: Listening on Device-mapper event daemon FIFOs.
[[0;32m  OK  [0m] Listening on Device-mapper event daemon FIFOs.
[   22.223315] systemd[1]: Listening on Syslog Socket.
[[0;32m  OK  [0m] Listening on Syslog Socket.
[   22.236899] systemd[1]: Listening on /dev/initctl Compatibility Named Pipe.
[[0;32m  OK  [0m] Listening on /dev/initctl Compatibility Named Pipe.
[   22.256629] systemd[1]: Created slice User and Session Slice.
[[0;32m  OK  [0m] Created slice User and Session Slice.
[   22.271329] systemd[1]: Reached target Swap.
[[0;32m  OK  [0m] Reached target Swap.
[   22.282883] systemd[1]: Listening on LVM2 poll daemon socket.
[[0;32m  OK  [0m] Listening on LVM2 poll daemon socket.
[   22.299394] systemd[1]: Set up automount Arbitrary Executable File Formats File System Automount Point.
[[0;32m  OK  [0m] Set up automount Arbitrary Executab...ats File System Automount Point.
[   22.333588] systemd[1]: Listening on Journal Socket.
[[0;32m  OK  [0m] Listening on Journal Socket.
[   22.351776] systemd[1]: Listening on udev Control Socket.
[[0;32m  OK  [0m] Listening on udev Control Socket.
[   22.368649] systemd[1]: Created slice System Slice.
[[0;32m  OK  [0m] Created slice System Slice.
[   22.400168] systemd[1]: Starting Uncomplicated firewall...
         Starting Uncomplicated firewall...
[   22.427038] systemd[1]: Starting Set console keymap...
         Starting Set console keymap...
[   22.457949] systemd[1]: Starting Remount Root and Kernel File Systems...
         Starting Remount Root and Kernel File Systems...
[   22.480592] systemd[1]: Mounting Huge Pages File System...
         Mounting Huge Pages File System...
[   22.543530] EXT4-fs (sda1): re-mounted. Opts: (null)
[   22.563745] systemd[1]: Starting Load Kernel Modules...
         Starting Load Kernel Modules...
[   22.636441] systemd[1]: Starting Create list of required static device nodes for the current kernel...
[   22.669128] Loading iSCSI transport class v2.0-870.
         Starting Create list of required st... nodes for the current kernel...
[   22.711431] systemd[1]: Mounting Debug File System...
         Mounting Debug File System...
[   22.752438] iscsi: registered transport (tcp)
[   22.767017] systemd[1]: Starting Nameserver information manager...
         Starting Nameserver information manager...
[   22.817071] systemd[1]: Reached target User and Group Name Lookups.
[[0;32m  OK  [0m] Reached target User and Group Name Lookups.
[   22.839648] systemd[1]: Listening on LVM2 metadata daemon socket.
[[0;32m  OK  [0m] Listening on LVM2 metadata daemon socket.
[   22.857272] systemd[1]: Started Trigger resolvconf update for networkd DNS.
[[0;32m  OK  [0m] Started Trigger resolvconf update for networkd DNS.
[   22.881439] systemd[1]: Created slice system-serial\x2dgetty.slice.
[[0;32m  OK  [0m] Created slice system-serial\x2dgetty.slice.
[   22.898203] systemd[1]: Listening on udev Kernel Socket.
[[0;32m  OK  [0m] Listening on udev Kernel Socket.
[   22.943387] systemd[1]: Starting Monitoring of LVM2 mirrors, snapshots etc. using dmeventd or progress polling...
         Starting Monitoring of LVM2 mirrors... dmeventd or progress polling...
[   22.979820] systemd[1]: Reached target Slices.
[[0;32m  OK  [0m] Reached target Slices.
[   23.002204] systemd[1]: Reached target System Time Synchronized.
[[0;32m  OK  [0m] Reached target System Time Synchronized.
[   23.042981] systemd[1]: Reached target Encrypted Volumes.
[[0;32m  OK  [0m] Reached target Encrypted Volumes.
[   23.065087] systemd[1]: Listening on Journal Socket (/dev/log).
[[0;32m  OK  [0m] Listening on Journal Socket (/dev/log).
[   23.094978] systemd[1]: Listening on Journal Audit Socket.
[[0;32m  OK  [0m] Listening on Journal Audit Socket.
[   23.135228] systemd[1]: Starting Journal Service...
[   23.149898] iscsi: registered transport (iser)
         Starting Journal Service...
[   23.163586] systemd[1]: Mounting POSIX Message Queue File System...
         Mounting POSIX Message Queue File System...
[   23.191869] systemd[1]: Started Forward Password Requests to Wall Directory Watch.
[[0;32m  OK  [0m] Started Forward Password Requests to Wall Directory Watch.
[   23.242699] systemd[1]: Mounted Huge Pages File System.
[[0;32m  OK  [0m] Mounted Huge Pages File System.
[   23.262131] systemd[1]: Mounted POSIX Message Queue File System.
[[0;32m  OK  [0m] Mounted POSIX Message Queue File System.
[   23.277615] systemd[1]: Mounted Debug File System.
[[0;32m  OK  [0m] Mounted Debug File System.
[   23.295193] systemd[1]: Started Journal Service.
[[0;32m  OK  [0m] Started Journal Service.
[[0;32m  OK  [0m] Started Uncomplicated firewall.
[[0;32m  OK  [0m] Started Set console keymap.
[[0;32m  OK  [0m] Started Remount Root and Kernel File Systems.
[[0;32m  OK  [0m] Started Load Kernel Modules.
[[0;32m  OK  [0m] Started Create list of required sta...ce nodes for the current kernel.
[[0;32m  OK  [0m] Started Nameserver information manager.
[[0;32m  OK  [0m] Started LVM2 metadata daemon.
         Starting Create Static Device Nodes in /dev...
         Mounting FUSE Control File System...
         Starting Apply Kernel Variables...
         Starting Load/Save Random Seed...
         Starting udev Coldplug all Devices...
         Starting Flush Journal to Persistent Storage...
[[0;32m  OK  [0m] Mounted FUSE Control File System.
[[0;32m  OK  [0m] Started Create Static Device Nodes in /dev.
[[0;32m  OK  [0m] Started Load/Save Random Seed.
[[0;32m  OK  [0m] Started Apply Kernel Variables.
         Starting udev Kernel Device Manager...
[[0;32m  OK  [0m] Started Flush Journal to Persistent Storage.
[[0;32m  OK  [0m] Started Monitoring of LVM2 mirrors,...ng dmeventd or progress polling.
[[0;32m  OK  [0m] Reached target Local File Systems (Pre).
[[0;32m  OK  [0m] Reached target Local File Systems.
         Starting Initial cloud-init job (pre-networking)...
         Starting Set console font and keymap...
         Starting Tell Plymouth To Write Out Runtime Data...
         Starting Commit a transient machine-id on disk...
         Starting LSB: AppArmor initialization...
         Starting Create Volatile Files and Directories...
[[0;32m  OK  [0m] Started udev Kernel Device Manager.
[[0;32m  OK  [0m] Started Tell Plymouth To Write Out Runtime Data.
[[0;32m  OK  [0m] Started Commit a transient machine-id on disk.
[[0;32m  OK  [0m] Started Create Volatile Files and Directories.
         Starting Update UTMP about System Boot/Shutdown...
[[0;32m  OK  [0m] Started Update UTMP about System Boot/Shutdown.
[[0;32m  OK  [0m] Started udev Coldplug all Devices.
[[0;32m  OK  [0m] Started Dispatch Password Requests to Console Directory Watch.
[[0;32m  OK  [0m] Found device /dev/ttyS0.
[[0;32m  OK  [0m] Listening on Load/Save RF Kill Switch Status /dev/rfkill Watch.
[[0;32m  OK  [0m] Started Set console font and keymap.
[   34.954914] cloud-init[474]: Cloud-init v. 19.4-33-gbb4131a2-0ubuntu1~16.04.1 running 'init-local' at Fri, 26 Jun 2020 15:35:26 +0000. Up 29.97 seconds.
[[0;32m  OK  [0m] Started Initial cloud-init job (pre-networking).
[[0;32m  OK  [0m] Reached target Network (Pre).
[[0;32m  OK  [0m] Created slice system-getty.slice.
[[0;32m  OK  [0m] Started LSB: AppArmor initialization.
         Starting Raise network interfaces...
[[0;32m  OK  [0m] Started Raise network interfaces.
[[0;32m  OK  [0m] Reached target Network.
         Starting Initial cloud-init job (metadata service crawler)...
[   49.880799] cloud-init[974]: Cloud-init v. 19.4-33-gbb4131a2-0ubuntu1~16.04.1 running 'init' at Fri, 26 Jun 2020 15:35:41 +0000. Up 45.71 seconds.
[   49.902667] cloud-init[974]: ci-info: ++++++++++++++++++++++++++++++++++++++Net device info+++++++++++++++++++++++++++++++++++++++
[   49.913857] cloud-init[974]: ci-info: +--------+-------+----------------------------+---------------+--------+-------------------+
[   49.926416] cloud-init[974]: ci-info: | Device |   Up  |          Address           |      Mask     | Scope  |     Hw-Address    |
[   49.936044] cloud-init[974]: ci-info: +--------+-------+----------------------------+---------------+--------+-------------------+
[   49.945564] cloud-init[974]: ci-info: | enp0s3 |  True |         10.0.2.15          | 255.255.255.0 | global | 02:89:fa:04:16:8f |
[   49.954260] cloud-init[974]: ci-info: | enp0s3 |  True | fe80::89:faff:fe04:168f/64 |       .       |  link  | 02:89:fa:04:16:8f |
[   49.972393] cloud-init[974]: ci-info: | enp0s8 | False |             .              |       .       |   .    | 08:00:27:65:0d:54 |
[   49.981958] cloud-init[974]: ci-info: |   lo   |  True |         127.0.0.1          |   255.0.0.0   |  host  |         .         |
[   49.991214] cloud-init[974]: ci-info: |   lo   |  True |          ::1/128           |       .       |  host  |         .         |
[   50.000894] cloud-init[974]: ci-info: +--------+-------+----------------------------+---------------+--------+-------------------+
[   50.013919] cloud-init[974]: ci-info: +++++++++++++++++++++++++++Route IPv4 info++++++++++++++++++++++++++++
[   50.034681] cloud-init[974]: ci-info: +-------+-------------+----------+---------------+-----------+-------+
[   50.045196] cloud-init[974]: ci-info: | Route | Destination | Gateway  |    Genmask    | Interface | Flags |
[   50.054591] cloud-init[974]: ci-info: +-------+-------------+----------+---------------+-----------+-------+
[   50.074531] cloud-init[974]: ci-info: |   0   |   0.0.0.0   | 10.0.2.2 |    0.0.0.0    |   enp0s3  |   UG  |
[   50.085154] cloud-init[974]: ci-info: |   1   |   10.0.2.0  | 0.0.0.0  | 255.255.255.0 |   enp0s3  |   U   |
[   50.097691] cloud-init[974]: ci-info: +-------+-------------+----------+---------------+-----------+-------+
[   50.107414] cloud-init[974]: ci-info: +++++++++++++++++++Route IPv6 info+++++++++++++++++++
[   50.118358] cloud-init[974]: ci-info: +-------+-------------+---------+-----------+-------+
[   50.130804] cloud-init[974]: ci-info: | Route | Destination | Gateway | Interface | Flags |
[   50.143025] cloud-init[974]: ci-info: +-------+-------------+---------+-----------+-------+
[   50.150756] cloud-init[974]: ci-info: |   0   |  fe80::/64  |    ::   |   enp0s3  |   U   |
[   50.161949] cloud-init[974]: ci-info: |   4   |   ff00::/8  |    ::   |   enp0s3  |   U   |
[   50.171089] cloud-init[974]: ci-info: +-------+-------------+---------+-----------+-------+
[   50.182056] cloud-init[974]: Generating public/private rsa key pair.
[   50.190779] cloud-init[974]: Your identification has been saved in /etc/ssh/ssh_host_rsa_key.
[   50.202538] cloud-init[974]: Your public key has been saved in /etc/ssh/ssh_host_rsa_key.pub.
[   50.212743] cloud-init[974]: The key fingerprint is:
[   50.223121] cloud-init[974]: SHA256:ux459KNKRalN8BvYpoY9bGdNnUWGEFiGIG6FuJnDsMc root@ubuntu-xenial
[   50.231922] cloud-init[974]: The key's randomart image is:
[   50.238658] cloud-init[974]: +---[RSA 2048]----+
[   50.251113] cloud-init[974]: |   ...+. +=o o+  |
[   50.277332] cloud-init[974]: |. ...o =oo ..+   |
[   50.283104] cloud-init[974]: | = +o . O . o    |
[   50.298380] cloud-init[974]: |. E. + B =       |
[   50.310647] cloud-init[974]: | . .. O S .      |
[   50.317127] cloud-init[974]: |     o * +       |
[   50.325016] cloud-init[974]: |      . = o      |
[   50.332257] cloud-init[974]: |     .   = .     |
[   50.343276] cloud-init[974]: |      .o+        |
[   50.350947] cloud-init[974]: +----[SHA256]-----+
[   50.358014] cloud-init[974]: Generating public/private dsa key pair.
[   50.364906] cloud-init[974]: Your identification has been saved in /etc/ssh/ssh_host_dsa_key.
[   50.373793] cloud-init[974]: Your public key has been saved in /etc/ssh/ssh_host_dsa_key.pub.
[   50.387152] cloud-init[974]: The key fingerprint is:
[   50.393680] cloud-init[974]: SHA256:hXRAI5Cdl/3f+6vucKHLdyabCa18pPLNqfPHQj1liZc root@ubuntu-xenial
[   50.411442] cloud-init[974]: The key's randomart image is:
[   50.426338] cloud-init[974]: +---[DSA 1024]----+
[   50.448780] cloud-init[974]: |    .+.o=+.      |
[   50.462314] cloud-init[974]: |    . ooo+.      |
[   50.471490] cloud-init[974]: |       .. ..  . o|
[   50.488488] cloud-init[974]: |         .  .. Eo|
[   50.498103] cloud-init[974]: |        S    ooo.|
[   50.518565] cloud-init[974]: |            oooo.|
[   50.528908] cloud-init[974]: |           ++o. o|
[   50.539421] cloud-init[974]: |         .ooO=+* |
[   50.549513] cloud-init[974]: |          oBO%O.+|
[   50.556316] cloud-init[974]: +----[SHA256]-----+
[[0;32m  OK  [0m] Started Initial cloud-init job (metadata service crawler).
[   50.573550] cloud-init[974]: Generating public/private ecdsa key pair.[[0;32m  OK  [0m] Reached target Cloud-config availability.

[[0;32m  OK  [0m] Reached target Network is Online.
[   50.622422] cloud-init[974]: Your identification has been saved in /etc/ssh/ssh_host_ecdsa_key.
[   50.631893] cloud-init[974]: Your public key has been saved in /etc/ssh/ssh_host_ecdsa_key.pub.
         Starting iSCSI initiator daemon (iscsid)...
[[0;32m  OK  [0m] Reached target System Initialization.
[[0;32m  OK  [0m] Listening on UUID daemon activation socket.
[   50.649002] cloud-init[974]: The key fingerprint is:
[   50.693611] cloud-init[974]: SHA256:4nNVC5kolqxIlBxgLeEvHT86wwJ72bAcLeJk6qyfTCE root@ubuntu-xenial
[[0;32m  OK  [0m] Started ACPI Events Check.
[[0;32m  OK  [0m] Reached target Paths.
[[0;32m  OK  [0m] Started Daily Cleanup of Temporary Directories.
[[0;32m  OK  [0m] Started Message of the Day.
[   50.717482] cloud-init[974]: The key's randomart image is:
         Starting LXD - unix socket.
[[0;32m  OK  [0m] Started Daily apt download activities.
[[0;32m  OK  [0m] Started Daily apt upgrade and clean activities.
[[0;32m  OK  [0m] Reached target Timers.
[[0;32m  OK  [0m] Listening on D-Bus System Message Bus Socket.
[[0;32m  OK  [0m] Listening on ACPID Listen Socket.
         Starting Socket activation for snappy daemon.
[   50.797858] [[0;32m  OK  [0m] Listening on LXD - unix socket.
[[0;32m  OK  [0m] Listening on Socket activation for snappy daemon.
[[0;32m  OK  [0m] Reached target Sockets.
[[0;32m  OK  [0m] Reached target Basic System.
cloud-init[974]: +---[ECDSA 256]---+
[   50.829486] [[0;32m  OK  [0m] Started D-Bus System Message Bus.
cloud-init[974]: |.==o             |
[   50.846438] cloud-init[974]: |ooo. . . . o     |
[   50.862190] cloud-init[974]: | .o.  = . + .    |
[   50.869697] cloud-init[974]: | .oooo .   o .   |
[   50.879039] cloud-init[974]: |E+*ooo. S . .    |
[   50.887344] cloud-init[974]: |*=oO.... .       |
[   50.894318] cloud-init[974]: |oo*=. o .        |
[   50.903383] cloud-init[974]: |o+..o  o         |
[   50.913586] cloud-init[974]: |o++              |
[   50.922442] cloud-init[974]: +----[SHA256]-----+
[   50.928201] cloud-init[974]: Generating public/private ed25519 key pair.
[   50.937330] cloud-init[974]: Your identification has been saved in /etc/ssh/ssh_host_ed25519_key.
[   50.945224]          Starting LSB: Record successful boot for GRUB...
[[0;32m  OK  [0m] Started ACPI event daemon.
cloud-init[974]: Your public key has been saved in /etc/ssh/ssh_host_ed25519_key.pub.         Starting LSB: MD monitoring daemon...

[   51.006796] cloud-init[974]: The key fingerprint is:
[[0;32m  OK  [0m] Started FUSE filesystem for LXC.
[   51.021220] cloud-init[974]: SHA256:FXEQtSPnT/AIH77SRp1p7G2sKfL+2znviOsqTZ9PjKI root@ubuntu-xenial
         Starting LXD - container startup/shutdown...
         Starting Snappy daemon...
[   51.051154] cloud-init[974]: [[0;32m  OK  [0m] Started Deferred execution scheduler.
         Starting Accounts Service...
[[0;32m  OK  [0m] Started Regular background program processing daemon.
         Starting Virtualbox guest utils...
The key's randomart image is:         Starting Pollinate to seed the pseudo random number generator...
         Starting System Logging Service...
         Starting Login Service...

[   51.313255] cloud-init[974]: +--[ED25519 256]--+
[   51.329379] cloud-init[974]: |          ==o    |
         Starting /etc/rc.local Compatibility...
[   51.330764] cloud-init[974]: |           o .   |
[[0;32m  OK  [0m] Started /etc/rc.local Compatibility.
[   51.418534] cloud-init[974]: |          + *    |
[   51.462825] cloud-init[974]: |         . B O o |
[   51.498467] cloud-init[974]: |        S   * O  |
[   51.513057] cloud-init[974]: |          .o O o |
[[0;32m  OK  [0m] Started Login Service.
[   51.541854] cloud-init[974]: |         oo.=.= +|
[[0;32m  OK  [0m] Started System Logging Service.
[[0;32m  OK  [0m] Started iSCSI initiator daemon (iscsid).
[   51.550924] cloud-init[974]: |        ..o++o B.|
         Starting Login to default iSCSI targets...
[   51.613628] cloud-init[974]: |        E..**=B+*|
[[0;32m  OK  [0m] Started Unattended Upgrades Shutdown.
[   51.682150] cloud-init[974]: +----[SHA256]-----+
[[0;32m  OK  [0m] Started LSB: MD monitoring daemon.
[[0;32m  OK  [0m] Started LSB: Record successful boot for GRUB.
[[0;32m  OK  [0m] Started Login to default iSCSI targets.
[[0;32m  OK  [0m] Reached target Remote File Systems (Pre).
[[0;32m  OK  [0m] Reached target Remote File Systems.
         Starting LSB: automatic crash report generation...
         Starting Permit User Sessions...
         Starting LSB: daemon to balance interrupts for SMP systems...
         Starting LSB: Set the CPU Frequency Scaling governor to "ondemand"...
         Starting Authenticate and Authorize Users to Run Privileged Tasks...
[[0;32m  OK  [0m] Started Permit User Sessions.
         Starting Hold until boot process finishes up...
         Starting Terminate Plymouth Boot Screen...
[[0;32m  OK  [0m] Started Terminate Plymouth Boot Screen.
[[0;32m  OK  [0m] Started Hold until boot process finishes up.
[[0;32m  OK  [0m] Started LXD - container startup/shutdown.
         Starting Set console scheme...
[[0;32m  OK  [0m] Started Getty on tty1.
[[0;32m  OK  [0m] Started Serial Getty on ttyS0.
[[0;32m  OK  [0m] Reached target Login Prompts.
[[0;32m  OK  [0m] Started Set console scheme.
[[0;32m  OK  [0m] Started Authenticate and Authorize Users to Run Privileged Tasks.
[[0;32m  OK  [0m] Started Accounts Service.
[[0;32m  OK  [0m] Started LSB: Set the CPU Frequency Scaling governor to "ondemand".
[[0;32m  OK  [0m] Started LSB: daemon to balance interrupts for SMP systems.
[[0;32m  OK  [0m] Started LSB: automatic crash report generation.
[[0;32m  OK  [0m] Started Virtualbox guest utils.
[[0;32m  OK  [0m] Started Snappy daemon.
         Starting Wait until snapd is fully seeded...
[[0;32m  OK  [0m] Started Pollinate to seed the pseudo random number generator.
         Starting OpenBSD Secure Shell server...
[[0;32m  OK  [0m] Started OpenBSD Secure Shell server.
[[0;32m  OK  [0m] Created slice User Slice of vagrant.
         Starting User Manager for UID 1000...
[[0;32m  OK  [0m] Started Session 1 of user vagrant.
[[0;32m  OK  [0m] Started User Manager for UID 1000.
[[0;32m  OK  [0m] Started Wait until snapd is fully seeded.
[[0;32m  OK  [0m] Reached target Multi-User System.
[[0;32m  OK  [0m] Reached target Graphical Interface.
         Starting Update UTMP about System Runlevel Changes...
         Starting Apply the settings specified in cloud-config...
[[0;32m  OK  [0m] Started Update UTMP about System Runlevel Changes.

Ubuntu 16.04.6 LTS ubuntu-xenial ttyS0

ubuntu-xenial login: [   60.691083] cloud-init[1372]: Generating locales (this might take a while)...
[   70.875095] cloud-init[1372]:   en_US.UTF-8... done
[   70.884522] cloud-init[1372]: Generation complete.
[   73.459629] cloud-init[1372]: Cloud-init v. 19.4-33-gbb4131a2-0ubuntu1~16.04.1 running 'modules:config' at Fri, 26 Jun 2020 15:35:55 +0000. Up 59.47 seconds.
ci-info: no authorized SSH keys fingerprints found for user ubuntu.
<14>Jun 26 15:36:14 ec2: 
<14>Jun 26 15:36:14 ec2: #############################################################
<14>Jun 26 15:36:14 ec2: -----BEGIN SSH HOST KEY FINGERPRINTS-----
<14>Jun 26 15:36:14 ec2: 1024 SHA256:hXRAI5Cdl/3f+6vucKHLdyabCa18pPLNqfPHQj1liZc root@ubuntu-xenial (DSA)
<14>Jun 26 15:36:14 ec2: 256 SHA256:4nNVC5kolqxIlBxgLeEvHT86wwJ72bAcLeJk6qyfTCE root@ubuntu-xenial (ECDSA)
<14>Jun 26 15:36:14 ec2: 256 SHA256:FXEQtSPnT/AIH77SRp1p7G2sKfL+2znviOsqTZ9PjKI root@ubuntu-xenial (ED25519)
<14>Jun 26 15:36:14 ec2: 2048 SHA256:ux459KNKRalN8BvYpoY9bGdNnUWGEFiGIG6FuJnDsMc root@ubuntu-xenial (RSA)
<14>Jun 26 15:36:14 ec2: -----END SSH HOST KEY FINGERPRINTS-----
<14>Jun 26 15:36:14 ec2: #############################################################
-----BEGIN SSH HOST KEY KEYS-----
ecdsa-sha2-nistp256 AAAAE2VjZHNhLXNoYTItbmlzdHAyNTYAAAAIbmlzdHAyNTYAAABBBHe4GeSkE8uK3pKe7fygGxeUuU3++tr+bZKZse0WcmiEI5asBQwDRcTB6gJtfg/p1HaPU8iSY10MjB0WwvwD4Zk= root@ubuntu-xenial
ssh-ed25519 AAAAC3NzaC1lZDI1NTE5AAAAINVUXDs595FKnqXW05sxOFegzUIL9TpmUr3biCMVJ2Mg root@ubuntu-xenial
ssh-rsa AAAAB3NzaC1yc2EAAAADAQABAAABAQDWeab6QD7gBsDjw86p4/5V83nY7GPCrCS7waQJWWgd7FwZxHxlFtvHLao5CMOFkMxXGRYnDqQRhujjdyJsiB+6bT8zw47DYQXcCzWaBbu7E6uip3SqnJmdw5h6P5wOfvQkJBYSDIq5CTRYW2omg2Q2ppNpPevg0K/4W/8QQRl3eTuOtamifBOQttcnOjW78CigurHmKTfd7mXYT7wpJwWuVoj0kc77K0XYSDdE+Bbt5F1BA8pGmn7DR60DcGXBbFshoEXX2I/KIwhvAtjKdjBj0RFUkXC3v7IfxkUCWfmpM3UN/dU8VcP7kLZoxGIEJ29JuWhXawk1vFHqHAa6PvTx root@ubuntu-xenial
-----END SSH HOST KEY KEYS-----
[   78.891639] cloud-init[1598]: Cloud-init v. 19.4-33-gbb4131a2-0ubuntu1~16.04.1 running 'modules:final' at Fri, 26 Jun 2020 15:36:13 +0000. Up 77.48 seconds.
[   78.893059] cloud-init[1598]: ci-info: no authorized SSH keys fingerprints found for user ubuntu.
[   78.894666] cloud-init[1598]: Cloud-init v. 19.4-33-gbb4131a2-0ubuntu1~16.04.1 finished at Fri, 26 Jun 2020 15:36:15 +0000. Datasource DataSourceNoCloud [seed=/dev/sdb][dsmode=net].  Up 78.80 seconds
